#
# There is insufficient memory for the Java Runtime Environment to continue.
# Native memory allocation (mmap) failed to map 96468992 bytes for G1 virtual space
# Possible reasons:
#   The system is out of physical RAM or swap space
#   The process is running with CompressedOops enabled, and the Java Heap may be blocking the growth of the native heap
# Possible solutions:
#   Reduce memory load on the system
#   Increase physical memory or swap space
#   Check if swap backing store is full
#   Decrease Java heap size (-Xmx/-Xms)
#   Decrease number of Java threads
#   Decrease Java thread stack sizes (-Xss)
#   Set larger code cache with -XX:ReservedCodeCacheSize=
#   JVM is running with Unscaled Compressed Oops mode in which the Java heap is
#     placed in the first 4GB address space. The Java Heap base address is the
#     maximum limit for the native heap growth. Please use -XX:HeapBaseMinAddress
#     to set the Java Heap base and to place the Java Heap above 4GB virtual address.
# This output file may be truncated or incomplete.
#
#  Out of Memory Error (os_windows.cpp:3604), pid=117240, tid=111900
#
# JRE version:  (21.0.10+8) (build )
# Java VM: Java HotSpot(TM) 64-Bit Server VM (21.0.10+8-LTS-217, mixed mode, sharing, tiered, compressed oops, compressed class ptrs, g1 gc, windows-amd64)
# No core dump will be written. Minidumps are not enabled by default on client versions of Windows
#

---------------  S U M M A R Y ------------

Command Line: com.google.prefab.cli.AppKt --build-system cmake --platform android --abi arm64-v8a --os-version 24 --stl c++_shared --ndk-version 27 --output C:\\Users\\user\\AppData\\Local\\Temp\\agp-prefab-staging6625234865985667336\\staged-cli-output C:\\Users\\user\\.gradle\\caches\\8.14.4\\transforms\\356b6d48f16f25afd9b450c57126988c\\transformed\\react-android-0.84.1-debug\\prefab C:\\Users\\user\\.gradle\\caches\\8.14.4\\transforms\\ed4d3e706c47227dd38e8194bee81bb6\\transformed\\hermes-android-250829098.0.9-debug\\prefab C:\\Users\\user\\.gradle\\caches\\8.14.4\\transforms\\01fcba15f45520373932e8655cd2b79c\\transformed\\fbjni-0.7.0\\prefab

Host: AMD Ryzen 3 7320U with Radeon Graphics         , 8 cores, 5G,  Windows 11 , 64 bit Build 26100 (10.0.26100.6725)
Time: Thu Oct  1 20:22:08 2026 Malay Peninsula Standard Time elapsed time: 1.162870 seconds (0d 0h 0m 1s)

---------------  T H R E A D  ---------------

Current thread (0x0000020fe1441fc0):  JavaThread "Unknown thread" [_thread_in_vm, id=111900, stack(0x00000034d5700000,0x00000034d5800000) (1024K)]

Stack: [0x00000034d5700000,0x00000034d5800000]
Native frames: (J=compiled Java code, j=interpreted, Vv=VM code, C=native code)
V  [jvm.dll+0x6d0b59]
V  [jvm.dll+0x85fd56]
V  [jvm.dll+0x86224e]
V  [jvm.dll+0x862923]
V  [jvm.dll+0x282a16]
V  [jvm.dll+0x6cd405]
V  [jvm.dll+0x6c1f8a]
V  [jvm.dll+0x35bcc8]
V  [jvm.dll+0x363986]
V  [jvm.dll+0x3b4a3e]
V  [jvm.dll+0x3b4ce8]
V  [jvm.dll+0x32f98c]
V  [jvm.dll+0x3304db]
V  [jvm.dll+0x829d3e]
V  [jvm.dll+0x3c19d1]
V  [jvm.dll+0x812c0a]
V  [jvm.dll+0x4543d1]
V  [jvm.dll+0x455e21]
C  [jli.dll+0x5310]
C  [ucrtbase.dll+0x37b0]
C  [KERNEL32.DLL+0x2e8d7]
C  [ntdll.dll+0x8c53c]


---------------  P R O C E S S  ---------------

Threads class SMR info:
_java_thread_list=0x00007ff9f58b8c88, length=0, elements={
}

Java Threads: ( => current thread )
Total: 0

Other Threads:
  0x0000020fe36506a0 WorkerThread "GC Thread#0"                     [id=115220, stack(0x00000034d5800000,0x00000034d5900000) (1024K)]
  0x0000020fe365cec0 ConcurrentGCThread "G1 Main Marker"            [id=126972, stack(0x00000034d5900000,0x00000034d5a00000) (1024K)]
  0x0000020fe365fc50 WorkerThread "G1 Conc#0"                       [id=126772, stack(0x00000034d5a00000,0x00000034d5b00000) (1024K)]

[error occurred during error reporting (printing all threads), id 0xc0000005, EXCEPTION_ACCESS_VIOLATION (0xc0000005) at pc=0x00007ff9f5022447]
VM state: not at safepoint (not fully initialized)

VM Mutex/Monitor currently owned by a thread:  ([mutex/lock_event])
[0x00007ff9f592a010] Heap_lock - owner thread: 0x0000020fe1441fc0

Heap address: 0x00000000a4200000, size: 1470 MB, Compressed Oops mode: 32-bit

CDS archive(s) mapped at: [0x0000000000000000-0x0000000000000000-0x0000000000000000), size 0, SharedBaseAddress: 0x0000000800000000, ArchiveRelocationMode: 1.
Narrow klass base: 0x0000000000000000, Narrow klass shift: 0, Narrow klass range: 0x0

GC Precious Log:
 CardTable entry size: 512
 Card Set container configuration: InlinePtr #cards 5 size 8 Array Of Cards #cards 12 size 40 Howl #buckets 4 coarsen threshold 1843 Howl Bitmap #cards 512 size 80 coarsen threshold 460 Card regions per heap region 1 cards per card region 2048

Heap:
 garbage-first heap   total 0K, used 0K [0x00000000a4200000, 0x0000000100000000)
  region size 1024K, 0 young (0K), 0 survivors (0K)

[error occurred during error reporting (printing heap information), id 0xc0000005, EXCEPTION_ACCESS_VIOLATION (0xc0000005) at pc=0x00007ff9f540ac39]
GC Heap History (0 events):
No events

Dll operation events (1 events):
Event: 0.078 Loaded shared library C:\Program Files\Java\jdk-21.0.10\bin\java.dll

Deoptimization events (0 events):
No events

Classes loaded (0 events):
No events

Classes unloaded (0 events):
No events

Classes redefined (0 events):
No events

Internal exceptions (0 events):
No events

ZGC Phase Switch (0 events):
No events

VM Operations (0 events):
No events

Events (0 events):
No events


Dynamic libraries:
0x00007ff6b0050000 - 0x00007ff6b0060000 	C:\Program Files\Java\jdk-21.0.10\bin\java.exe
0x00007ffa4c380000 - 0x00007ffa4c5e8000 	C:\WINDOWS\SYSTEM32\ntdll.dll
0x00007ffa4a820000 - 0x00007ffa4a8e9000 	C:\WINDOWS\System32\KERNEL32.DLL
0x00007ffa49510000 - 0x00007ffa49902000 	C:\WINDOWS\System32\KERNELBASE.dll
0x00007ffa49dd0000 - 0x00007ffa49f1b000 	C:\WINDOWS\System32\ucrtbase.dll
0x00007ffa44600000 - 0x00007ffa4461e000 	C:\Program Files\Java\jdk-21.0.10\bin\VCRUNTIME140.dll
0x00007ffa43410000 - 0x00007ffa43429000 	C:\Program Files\Java\jdk-21.0.10\bin\jli.dll
0x00007ffa4ba00000 - 0x00007ffa4bab4000 	C:\WINDOWS\System32\ADVAPI32.dll
0x00007ffa4aa10000 - 0x00007ffa4aab9000 	C:\WINDOWS\System32\msvcrt.dll
0x00007ffa4a8f0000 - 0x00007ffa4a996000 	C:\WINDOWS\System32\sechost.dll
0x00007ffa4aac0000 - 0x00007ffa4abd8000 	C:\WINDOWS\System32\RPCRT4.dll
0x00007ffa4a590000 - 0x00007ffa4a755000 	C:\WINDOWS\System32\USER32.dll
0x00007ffa49d00000 - 0x00007ffa49d27000 	C:\WINDOWS\System32\win32u.dll
0x00007ffa4bcc0000 - 0x00007ffa4bceb000 	C:\WINDOWS\System32\GDI32.dll
0x00007ffa49bd0000 - 0x00007ffa49cfd000 	C:\WINDOWS\System32\gdi32full.dll
0x00007ffa4a0a0000 - 0x00007ffa4a143000 	C:\WINDOWS\System32\msvcp_win.dll
0x00007ffa344a0000 - 0x00007ffa34733000 	C:\WINDOWS\WinSxS\amd64_microsoft.windows.common-controls_6595b64144ccf1df_6.0.26100.6899_none_3e0efeeae32e88c1\COMCTL32.dll
0x00007ffa3bfd0000 - 0x00007ffa3bfdb000 	C:\WINDOWS\SYSTEM32\VERSION.dll
0x00007ffa4a150000 - 0x00007ffa4a17f000 	C:\WINDOWS\System32\IMM32.DLL
0x00007ffa46690000 - 0x00007ffa4669c000 	C:\Program Files\Java\jdk-21.0.10\bin\vcruntime140_1.dll
0x00007ffa2eb50000 - 0x00007ffa2ebdd000 	C:\Program Files\Java\jdk-21.0.10\bin\msvcp140.dll
0x00007ff9f4ce0000 - 0x00007ff9f5a07000 	C:\Program Files\Java\jdk-21.0.10\bin\server\jvm.dll
0x00007ffa491d0000 - 0x00007ffa4922e000 	C:\WINDOWS\SYSTEM32\POWRPROF.dll
0x00007ffa4c2c0000 - 0x00007ffa4c334000 	C:\WINDOWS\System32\WS2_32.dll
0x00007ffa43160000 - 0x00007ffa43195000 	C:\WINDOWS\SYSTEM32\WINMM.dll
0x00007ffa491b0000 - 0x00007ffa491c4000 	C:\WINDOWS\SYSTEM32\UMPDC.dll
0x00007ffa482e0000 - 0x00007ffa482fb000 	C:\WINDOWS\SYSTEM32\kernel.appcore.dll
0x00007ffa3e580000 - 0x00007ffa3e58a000 	C:\Program Files\Java\jdk-21.0.10\bin\jimage.dll
0x00007ffa3b070000 - 0x00007ffa3b2b2000 	C:\WINDOWS\SYSTEM32\DBGHELP.DLL
0x00007ffa4b680000 - 0x00007ffa4b9fb000 	C:\WINDOWS\System32\combase.dll
0x00007ffa4ac70000 - 0x00007ffa4ad47000 	C:\WINDOWS\System32\OLEAUT32.dll
0x00007ffa33680000 - 0x00007ffa336bc000 	C:\WINDOWS\SYSTEM32\dbgcore.DLL
0x00007ffa49d30000 - 0x00007ffa49dc8000 	C:\WINDOWS\System32\bcryptPrimitives.dll
0x00007ffa35a60000 - 0x00007ffa35a81000 	C:\Program Files\Java\jdk-21.0.10\bin\java.dll

dbghelp: loaded successfully - version: 4.0.5 - missing functions: none
symbol engine: initialized successfully - sym options: 0x614 - pdb path: .;C:\Program Files\Java\jdk-21.0.10\bin;C:\WINDOWS\SYSTEM32;C:\WINDOWS\WinSxS\amd64_microsoft.windows.common-controls_6595b64144ccf1df_6.0.26100.6899_none_3e0efeeae32e88c1;C:\Program Files\Java\jdk-21.0.10\bin\server

VM Arguments:
java_command: com.google.prefab.cli.AppKt --build-system cmake --platform android --abi arm64-v8a --os-version 24 --stl c++_shared --ndk-version 27 --output C:\\Users\\user\\AppData\\Local\\Temp\\agp-prefab-staging6625234865985667336\\staged-cli-output C:\\Users\\user\\.gradle\\caches\\8.14.4\\transforms\\356b6d48f16f25afd9b450c57126988c\\transformed\\react-android-0.84.1-debug\\prefab C:\\Users\\user\\.gradle\\caches\\8.14.4\\transforms\\ed4d3e706c47227dd38e8194bee81bb6\\transformed\\hermes-android-250829098.0.9-debug\\prefab C:\\Users\\user\\.gradle\\caches\\8.14.4\\transforms\\01fcba15f45520373932e8655cd2b79c\\transformed\\fbjni-0.7.0\\prefab
java_class_path (initial): C:\\Users\\user\\.gradle\\caches\\modules-2\\files-2.1\\com.google.prefab\\cli\\2.1.0\\aa32fec809c44fa531f01dcfb739b5b3304d3050\\cli-2.1.0-all.jar
Launcher Type: SUN_STANDARD

[Global flags]
     intx CICompilerCount                          = 4                                         {product} {ergonomic}
     uint ConcGCThreads                            = 2                                         {product} {ergonomic}
     uint G1ConcRefinementThreads                  = 8                                         {product} {ergonomic}
   size_t G1HeapRegionSize                         = 1048576                                   {product} {ergonomic}
    uintx GCDrainStackTargetSize                   = 64                                        {product} {ergonomic}
   size_t InitialHeapSize                          = 96468992                                  {product} {ergonomic}
   size_t MarkStackSize                            = 4194304                                   {product} {ergonomic}
   size_t MaxHeapSize                              = 1541406720                                {product} {ergonomic}
   size_t MinHeapDeltaBytes                        = 1048576                                   {product} {ergonomic}
   size_t MinHeapSize                              = 8388608                                   {product} {ergonomic}
    uintx NonNMethodCodeHeapSize                   = 5839372                                {pd product} {ergonomic}
    uintx NonProfiledCodeHeapSize                  = 122909434                              {pd product} {ergonomic}
    uintx ProfiledCodeHeapSize                     = 122909434                              {pd product} {ergonomic}
    uintx ReservedCodeCacheSize                    = 251658240                              {pd product} {ergonomic}
     bool SegmentedCodeCache                       = true                                      {product} {ergonomic}
   size_t SoftMaxHeapSize                          = 1541406720                             {manageable} {ergonomic}
     bool UseCompressedOops                        = true                           {product lp64_product} {ergonomic}
     bool UseG1GC                                  = true                                      {product} {ergonomic}
     bool UseLargePagesIndividualAllocation        = false                                  {pd product} {ergonomic}

Logging:
Log output configuration:
 #0: stdout all=warning uptime,level,tags foldmultilines=false
 #1: stderr all=off uptime,level,tags foldmultilines=false

Environment Variables:
PATH=D:\towing_system1\GWTowandRescue\node_modules\.bin;D:\towing_system1\GWTowandRescue\node_modules\.bin;D:\towing_system1\node_modules\.bin;D:\node_modules\.bin;C:\Program Files\nodejs\node_modules\npm\node_modules\@npmcli\run-script\lib\node-gyp-bin;C:\Program Files\Common Files\Oracle\Java\javapath;C:\WINDOWS\system32;C:\WINDOWS;C:\WINDOWS\System32\Wbem;C:\WINDOWS\System32\WindowsPowerShell\v1.0\;C:\WINDOWS\System32\OpenSSH\;C:\sqlite;C:\ProgramData\chocolatey\bin;C:\Program Files\Java\jdk-21.0.10\bin;C:\Program Files\nodejs\;C:\Program Files\nodejs\node_modules\npm\bin;C:\Program Files\Git\cmd;C:\Users\user\AppData\Local\Android\Sdk\platform-tools;C:\Users\user\AppData\Local\Android\Sdk\emulator;C:\Users\user\AppData\Local\Microsoft\WindowsApps;C:\Users\user\AppData\Local\Programs\Microsoft VS Code\bin;C:\Users\user\AppData\Local\Yarn\bin;C:\Users\user\AppData\Roaming\npm;C:\Users\user\AppData\Local\Kingsoft\WPS Office\12.1.0.27458\clitool
USERNAME=user
OS=Windows_NT
PROCESSOR_IDENTIFIER=AMD64 Family 23 Model 160 Stepping 0, AuthenticAMD
TMP=C:\Users\user\AppData\Local\Temp
TEMP=C:\Users\user\AppData\Local\Temp




Periodic native trim disabled

---------------  S Y S T E M  ---------------

OS:
 Windows 11 , 64 bit Build 26100 (10.0.26100.6725)
OS uptime: 1 days 20:18 hours

CPU: total 8 (initial active 8) (8 cores per cpu, 2 threads per core) family 23 model 160 stepping 0 microcode 0x8a00006, cx8, cmov, fxsr, ht, mmx, 3dnowpref, sse, sse2, sse3, ssse3, sse4a, sse4.1, sse4.2, popcnt, lzcnt, tsc, tscinvbit, avx, avx2, aes, clmul, bmi1, bmi2, adx, sha, fma, vzeroupper, clflush, clflushopt, rdtscp, rdpid, f16c
Processor Information for all 8 processors :
  Max Mhz: 2401, Current Mhz: 2401, Mhz Limit: 2401

Memory: 4k page, system-wide physical 5877M (710M free)
TotalPageFile size 24309M (AvailPageFile size 84M)
current process WorkingSet (physical memory assigned to process): 12M, peak: 12M
current process commit charge ("private bytes"): 60M, peak: 152M

vm_info: Java HotSpot(TM) 64-Bit Server VM (21.0.10+8-LTS-217) for windows-amd64 JRE (21.0.10+8-LTS-217), built on 2025-12-18T14:59:28Z by "mach5run" with MS VC++ 17.13 (VS2022)

END.
